[0.043s] Invoking command in '/home/eragon/ArUco/build/lab4_image_receiver': /usr/bin/cmake --build /home/eragon/ArUco/build/lab4_image_receiver -- -j8 -l8
[0.110s] -- Found ament_cmake: 1.3.11 (/opt/ros/humble/share/ament_cmake/cmake)
[0.385s] -- Found rclcpp: 16.0.12 (/opt/ros/humble/share/rclcpp/cmake)
[0.448s] -- Found rosidl_generator_c: 3.1.6 (/opt/ros/humble/share/rosidl_generator_c/cmake)
[0.452s] -- Found rosidl_adapter: 3.1.6 (/opt/ros/humble/share/rosidl_adapter/cmake)
[0.462s] -- Found rosidl_generator_cpp: 3.1.6 (/opt/ros/humble/share/rosidl_generator_cpp/cmake)
[0.478s] -- Using all available rosidl_typesupport_c: rosidl_typesupport_fastrtps_c;rosidl_typesupport_introspection_c
[0.503s] -- Using all available rosidl_typesupport_cpp: rosidl_typesupport_fastrtps_cpp;rosidl_typesupport_introspection_cpp
[0.567s] -- Found rmw_implementation_cmake: 6.1.2 (/opt/ros/humble/share/rmw_implementation_cmake/cmake)
[0.570s] -- Found rmw_fastrtps_cpp: 6.2.7 (/opt/ros/humble/share/rmw_fastrtps_cpp/cmake)
[0.766s] -- Using RMW implementation 'rmw_fastrtps_cpp' as default
[0.849s] -- Found cv_bridge: 3.2.1 (/opt/ros/humble/share/cv_bridge/cmake)
[0.913s] -- Found image_transport: 3.1.11 (/opt/ros/humble/share/image_transport/cmake)
[0.960s] -- Found visualization_msgs: 4.8.0 (/opt/ros/humble/share/visualization_msgs/cmake)
[0.993s] -- Found ament_lint_auto: 0.12.12 (/opt/ros/humble/share/ament_lint_auto/cmake)
[1.084s] Error parsing '/home/eragon/ArUco/src/lab4_image_receiver/package.xml':
[1.170s] Traceback (most recent call last):
[1.170s]   File "/usr/lib/python3/dist-packages/catkin_pkg/package.py", line 610, in parse_package_string
[1.171s]     root = dom.parseString(data)
[1.172s]   File "/usr/lib/python3.10/xml/dom/minidom.py", line 2000, in parseString
[1.172s]     return expatbuilder.parseString(string)
[1.173s]   File "/usr/lib/python3.10/xml/dom/expatbuilder.py", line 925, in parseString
[1.173s]     return builder.parseString(string)
[1.174s]   File "/usr/lib/python3.10/xml/dom/expatbuilder.py", line 223, in parseString
[1.174s]     parser.Parse(string, True)
[1.174s] xml.parsers.expat.ExpatError: junk after document element: line 4, column 0
[1.174s] 
[1.174s] During handling of the above exception, another exception occurred:
[1.175s] 
[1.175s] Traceback (most recent call last):
[1.175s]   File "/opt/ros/humble/share/ament_cmake_core/cmake/core/package_xml_2_cmake.py", line 150, in <module>
[1.175s]     main()
[1.175s]   File "/opt/ros/humble/share/ament_cmake_core/cmake/core/package_xml_2_cmake.py", line 53, in main
[1.176s]     raise e
[1.176s]   File "/opt/ros/humble/share/ament_cmake_core/cmake/core/package_xml_2_cmake.py", line 49, in main
[1.176s]     package = parse_package_string(
[1.176s]   File "/usr/lib/python3/dist-packages/catkin_pkg/package.py", line 612, in parse_package_string
[1.176s]     raise InvalidPackage('The manifest contains invalid XML:\n%s' % ex, filename)
[1.176s] catkin_pkg.package.InvalidPackage: Error(s) in package '/home/eragon/ArUco/src/lab4_image_receiver/package.xml':
[1.176s] The manifest contains invalid XML:
[1.177s] junk after document element: line 4, column 0
[1.204s] CMake Error at /opt/ros/humble/share/ament_cmake_core/cmake/core/ament_package_xml.cmake:95 (message):
[1.204s]   execute_process(/usr/bin/python3
[1.205s]   /opt/ros/humble/share/ament_cmake_core/cmake/core/package_xml_2_cmake.py
[1.205s]   /home/eragon/ArUco/src/lab4_image_receiver/package.xml
[1.205s]   /home/eragon/ArUco/build/lab4_image_receiver/ament_cmake_core/package.cmake)
[1.205s]   returned error code 1
[1.205s] Call Stack (most recent call first):
[1.205s]   /opt/ros/humble/share/ament_cmake_core/cmake/core/ament_package_xml.cmake:49 (_ament_package_xml)
[1.206s]   /opt/ros/humble/share/ament_lint_auto/cmake/ament_lint_auto_find_test_dependencies.cmake:31 (ament_package_xml)
[1.206s]   CMakeLists.txt:30 (ament_lint_auto_find_test_dependencies)
[1.206s] 
[1.206s] 
[1.206s] -- Configuring incomplete, errors occurred!
[1.206s] See also "/home/eragon/ArUco/build/lab4_image_receiver/CMakeFiles/CMakeOutput.log".
[1.223s] gmake: *** [Makefile:267: cmake_check_build_system] Ошибка 1
[1.228s] Invoked command in '/home/eragon/ArUco/build/lab4_image_receiver' returned '2': /usr/bin/cmake --build /home/eragon/ArUco/build/lab4_image_receiver -- -j8 -l8
